<script src="http://source.with.scheme/should/not/be/replaced"></script>
<script src="first/should/be/prefixed/by/first"></script>

<script src="second/should/be/prefixed/by/second"></script>

<script src="third/should/not/be/prefixed/by/third/again"></script>


